
Allocating common symbols
Common symbol       size              file

tic_msec            0x4               soc-hw.o

Memory Configuration

Name             Origin             Length             Attributes
ram              0x0000000000000000 0x0000000000001000
*default*        0x0000000000000000 0xffffffffffffffff

Linker script and memory map

                0x0000000000000000                __DYNAMIC = 0x0
                0x0000000000000000                _RAM_START = 0x0
                0x0000000000001000                _RAM_SIZE = 0x1000
                0x0000000000001000                _RAM_END = (_RAM_START + _RAM_SIZE)

.text           0x0000000000000000      0x57c
                0x0000000000000000                _ftext = .
 *(.text .stub .text.* .gnu.linkonce.t.*)
 .text          0x0000000000000000      0x208 crt0ram.o
                0x0000000000000000                _start
                0x0000000000000140                irq_enable
                0x000000000000014c                irq_disable
                0x0000000000000158                irq_set_mask
                0x0000000000000160                irq_get_mask
                0x0000000000000168                jump
                0x000000000000016c                halt
                0x00000000000001f8                get_sp
                0x0000000000000200                get_gp
 .text          0x0000000000000208      0x118 main.o
                0x0000000000000208                irq_handler
                0x0000000000000228                main
 .text          0x0000000000000320      0x25c soc-hw.o
                0x0000000000000320                msleep
                0x000000000000035c                nsleep
                0x000000000000038c                tic_isr
                0x00000000000003b8                tic_init
                0x00000000000003e8                uart_init
                0x00000000000003ec                uart_getchar
                0x0000000000000410                uart_putchar
                0x0000000000000434                uart_putstr
                0x0000000000000468                gpio_get_in
                0x0000000000000480                gpio_get_dir
                0x0000000000000498                gpio_get_out
                0x00000000000004b0                gpio_set_in
                0x00000000000004c8                gpio_set_dir
                0x00000000000004e0                gpio_set_out
                0x00000000000004f8                spi_get_div
                0x0000000000000504                spi_get_mosi
                0x0000000000000510                spi_get_cs
                0x000000000000051c                spi_get_miso
                0x0000000000000530                spi_set_div
                0x000000000000053c                spi_set_cs
                0x0000000000000548                spi_set_mosi
                0x000000000000055c                spi_set_miso
                0x000000000000057c                _etext = .

.rodata         0x000000000000057c       0x14
                0x000000000000057c                . = ALIGN (0x4)
                0x000000000000057c                _frodata = .
 *(.rodata .rodata.* .gnu.linkonce.r.*)
 .rodata.str1.4
                0x000000000000057c       0x10 main.o
 .rodata.cst4   0x000000000000058c        0x4 soc-hw.o
 *(.rodata1)
                0x0000000000000590                _erodata = .

.data           0x0000000000000590       0x14
                0x0000000000000590                . = ALIGN (0x4)
                0x0000000000000590                _fdata = .
 *(.data .data.* .gnu.linkonce.d.*)
 .data          0x0000000000000590        0x0 crt0ram.o
 .data          0x0000000000000590        0x0 main.o
 .data          0x0000000000000590       0x14 soc-hw.o
                0x0000000000000590                uart0
                0x0000000000000594                timer0
                0x0000000000000598                gpio0
                0x000000000000059c                spi0
                0x00000000000005a0                spi1
 *(.data1)
                0x00000000000005b0                _gp = ALIGN (0x10)
 *(.sdata .sdata.* .gnu.linkonce.s.*)
                0x00000000000005a4                _edata = .

.bss            0x00000000000005a4        0x4
                0x00000000000005a4                . = ALIGN (0x4)
                0x00000000000005a4                _fbss = .
 *(.dynsbss)
 *(.sbss .sbss.* .gnu.linkonce.sb.*)
 *(.scommon)
 *(.dynbss)
 *(.bss .bss.* .gnu.linkonce.b.*)
 .bss           0x00000000000005a4        0x0 crt0ram.o
 .bss           0x00000000000005a4        0x0 main.o
 .bss           0x00000000000005a4        0x0 soc-hw.o
 *(COMMON)
 COMMON         0x00000000000005a4        0x4 soc-hw.o
                0x00000000000005a4                tic_msec
                0x00000000000005a8                _ebss = .
                0x00000000000005a8                _end = .
                0x0000000000000ffc                PROVIDE (_fstack, ((ORIGIN (ram) + 0x1000) - 0x4))
LOAD crt0ram.o
LOAD main.o
LOAD soc-hw.o
OUTPUT(image elf32-lm32)

.debug_abbrev   0x0000000000000000      0x252
 .debug_abbrev  0x0000000000000000       0xdc main.o
 .debug_abbrev  0x00000000000000dc      0x176 soc-hw.o

.debug_info     0x0000000000000000      0x705
 .debug_info    0x0000000000000000      0x15c main.o
 .debug_info    0x000000000000015c      0x5a9 soc-hw.o

.debug_line     0x0000000000000000      0x470
 .debug_line    0x0000000000000000      0x11c main.o
 .debug_line    0x000000000000011c      0x354 soc-hw.o

.debug_frame    0x0000000000000000      0x1a0
 .debug_frame   0x0000000000000000       0x30 main.o
 .debug_frame   0x0000000000000030      0x170 soc-hw.o

.debug_loc      0x0000000000000000      0x10d
 .debug_loc     0x0000000000000000       0x31 main.o
 .debug_loc     0x0000000000000031       0xdc soc-hw.o

.debug_pubnames
                0x0000000000000000      0x1d0
 .debug_pubnames
                0x0000000000000000       0x2b main.o
 .debug_pubnames
                0x000000000000002b      0x1a5 soc-hw.o

.debug_pubtypes
                0x0000000000000000       0x80
 .debug_pubtypes
                0x0000000000000000       0x35 main.o
 .debug_pubtypes
                0x0000000000000035       0x4b soc-hw.o

.debug_aranges  0x0000000000000000       0x40
 .debug_aranges
                0x0000000000000000       0x20 main.o
 .debug_aranges
                0x0000000000000020       0x20 soc-hw.o

.debug_str      0x0000000000000000      0x249
 .debug_str     0x0000000000000000       0xbf main.o
                                         0xd0 (size before relaxing)
 .debug_str     0x00000000000000bf      0x18a soc-hw.o
                                        0x237 (size before relaxing)

.comment        0x0000000000000000       0x11
 .comment       0x0000000000000000       0x11 main.o
                                         0x12 (size before relaxing)
 .comment       0x0000000000000000       0x12 soc-hw.o
